
R version 3.5.0 (2018-04-23) -- "Joy in Playing"
Copyright (C) 2018 The R Foundation for Statistical Computing
Platform: x86_64-pc-linux-gnu (64-bit)

R is free software and comes with ABSOLUTELY NO WARRANTY.
You are welcome to redistribute it under certain conditions.
Type 'license()' or 'licence()' for distribution details.

  Natural language support but running in an English locale

R is a collaborative project with many contributors.
Type 'contributors()' for more information and
'citation()' on how to cite R or R packages in publications.

Type 'demo()' for some demos, 'help()' for on-line help, or
'help.start()' for an HTML browser interface to help.
Type 'q()' to quit R.


[38;5;11m     CHEAT SHEETS: [0m
source('~/Desktop/Packages/MiscUtils/RCheats.R') 

[38;5;11m     R INFORMATION: [0m
/home/Jadamso2/lib64/R/bin/exec/R -f Code/Make.R --restore --save --no-readline --no-save 
~/Rprofile.site 
wideScreen() 

[38;5;11m     USER INFORMATION: [0m
Jordan Adamson, 2018-10-11

> #-------------------------------------------------------------------
> ##################
> # Setup 
> ##################
> library(devtools)
> library(roxygen2)
> library(MiscUtils)

Attaching package: â€˜MiscUtilsâ€™

The following object is masked from â€˜package:baseâ€™:

    wideScreen

> 
>  
> pmdir <- path.expand("~/Desktop/Packages/")
> 
> #-------------------------------------------------------------------
> ##################
> # Make 
> ##################
> pack  <- "PrettyR"
> pdir  <- paste0(path.expand("~/Desktop/Packages/"),pack,"/")
> packg <- paste0(pdir, pack)
> 
> 
> Version <- numeric_version("0.1.3")
> 
> # Setup R Package
> source(paste0(pdir,"Code/PackageSetup.R") )
Creating package 'PrettyR' in '/home/Jadamso2/Desktop/Packages/PrettyR'
No DESCRIPTION found. Creating with values:


Package: PrettyR
Title: Functions to make pretty graphs and tables.
Version: 0.1.3
Authors@R: person("Jordan", "Adamson",
        email="jordan.m.adamson@gmail.com",
        role=c("aut","cre"))
Description: 
Depends: R (>= 3.5.0)
License: What license is it under?
Encoding: UTF-8
LazyData: true
Author: Jordan Adamson [aut, cre]
Maintainer: Jordan Adamson <jordan.m.adamson@gmail.com>
Published: 2018-10-11
Date: 2018-10-11
URL: <https://github.com/Jadamso/PrettyR>

To cite package 'PrettyR' in publications use:

  Jordan Adamson (2018). PrettyR: Functions to make pretty graphs and
  tables.. R package version 0.1.3.

A BibTeX entry for LaTeX users is

  @Manual{PrettyR,
    title = {{PrettyR}: Functions to make pretty graphs and tables.},
    author = {'Jordan Adamson'},
    year = {2018},
    month = {10},
    note = {R package version 0.1.3},
    url = { <https://github.com/Jadamso/PrettyR>},
  }

* Updating license field in DESCRIPTION.
* Creating `LICENSE` from template.
Creating package 'PrettyR' in '/home/Jadamso2/Desktop/Packages/PrettyR'
Updating PrettyR documentation
Loading PrettyR
Updating roxygen version in /home/Jadamso2/Desktop/Packages/PrettyR/PrettyR/DESCRIPTION
Writing NAMESPACE
Setting env vars --------------------------------------------------------------
CFLAGS  : -Wall -pedantic
CXXFLAGS: -Wall -pedantic
Building PrettyR --------------------------------------------------------------
'/home/Jadamso2/lib64/R/bin/R' --no-site-file --no-environ --no-save  \
  --no-restore --quiet CMD build  \
  '/home/Jadamso2/Desktop/Packages/PrettyR/PrettyR' --no-resave-data  \
  --no-manual 

* checking for file â€˜/home/Jadamso2/Desktop/Packages/PrettyR/PrettyR/DESCRIPTIONâ€™ ... OK
* preparing â€˜PrettyRâ€™:
* checking DESCRIPTION meta-information ... OK
* checking for LF line-endings in source and make files and shell scripts
* checking for empty or unneeded directories
Removed empty directory â€˜PrettyR/Râ€™
Removed empty directory â€˜PrettyR/dataâ€™
Removed empty directory â€˜PrettyR/inst/extdataâ€™
Removed empty directory â€˜PrettyR/manâ€™
* building â€˜PrettyR_0.1.3.tar.gzâ€™

Setting env vars --------------------------------------------------------------
_R_CHECK_CRAN_INCOMING_USE_ASPELL_: TRUE
_R_CHECK_CRAN_INCOMING_           : FALSE
_R_CHECK_FORCE_SUGGESTS_          : FALSE
Checking PrettyR --------------------------------------------------------------
'/home/Jadamso2/lib64/R/bin/R' --no-site-file --no-environ --no-save  \
  --no-restore --quiet CMD check '/tmp/RtmpBghph4/PrettyR_0.1.3.tar.gz'  \
  --as-cran --timings --no-manual 

* using log directory â€˜/tmp/RtmpBghph4/PrettyR.Rcheckâ€™
* using R version 3.5.0 (2018-04-23)
* using platform: x86_64-pc-linux-gnu (64-bit)
* using session charset: UTF-8
* using options â€˜--no-manual --as-cranâ€™
* checking for file â€˜PrettyR/DESCRIPTIONâ€™ ... ERROR
Required field missing or empty:
  â€˜Descriptionâ€™
* DONE

Status: 1 ERROR
See
  â€˜/tmp/RtmpBghph4/PrettyR.Rcheck/00check.logâ€™
for details.

> 
> # Create R Package Contents
> source(paste0(pdir,"Code/CodeSetup.R") )
* Adding utils to Imports
Next: 
Refer to functions with utils::fun()
* Adding stargazer to Imports
Next: 
Refer to functions with stargazer::fun()
* Adding parallel to Imports
Next: 
Refer to functions with parallel::fun()
* Adding formattable to Suggests
Next: 
Use requireNamespace("formattable", quietly = TRUE) to test if package is installed,
then use formattable::fun() to refer to functions.
Loading PrettyR
Updating PrettyR documentation
Loading PrettyR
Warning: @param [/home/Jadamso2/Desktop/Packages/PrettyR/PrettyR/R/StdError.R#10]: requires name and description
Warning: @param [/home/Jadamso2/Desktop/Packages/PrettyR/PrettyR/R/TableMaker.R#8]: requires name and description
Warning: @param [/home/Jadamso2/Desktop/Packages/PrettyR/PrettyR/R/TableMaker.R#9]: requires name and description
Warning: @param [/home/Jadamso2/Desktop/Packages/PrettyR/PrettyR/R/TableMaker.R#10]: requires name and description
Warning: @param [/home/Jadamso2/Desktop/Packages/PrettyR/PrettyR/R/TableMaker.R#11]: requires name and description
Warning: @param [/home/Jadamso2/Desktop/Packages/PrettyR/PrettyR/R/TableMaker.R#12]: requires name and description
Warning: @param [/home/Jadamso2/Desktop/Packages/PrettyR/PrettyR/R/TableMaker.R#13]: requires name and description
Warning: @param [/home/Jadamso2/Desktop/Packages/PrettyR/PrettyR/R/TableMaker.R#14]: requires name and description
Warning: @param [/home/Jadamso2/Desktop/Packages/PrettyR/PrettyR/R/TableMaker.R#15]: requires name and description
Warning: @param [/home/Jadamso2/Desktop/Packages/PrettyR/PrettyR/R/TableMaker.R#17]: requires name and description
Warning: @param [/home/Jadamso2/Desktop/Packages/PrettyR/PrettyR/R/TableMaker.R#18]: requires name and description
Warning: @param [/home/Jadamso2/Desktop/Packages/PrettyR/PrettyR/R/TableMaker.R#19]: requires name and description
Warning: @param [/home/Jadamso2/Desktop/Packages/PrettyR/PrettyR/R/TableMaker.R#20]: requires name and description
Warning: @param [/home/Jadamso2/Desktop/Packages/PrettyR/PrettyR/R/TableMaker.R#21]: requires name and description
Warning: @param [/home/Jadamso2/Desktop/Packages/PrettyR/PrettyR/R/TableMaker_trim.R#144]: requires name and description
Warning: @param [/home/Jadamso2/Desktop/Packages/PrettyR/PrettyR/R/TableMaker_trim.R#145]: requires name and description
Warning: @param [/home/Jadamso2/Desktop/Packages/PrettyR/PrettyR/R/TableMaker_trim.R#146]: requires name and description
Warning: @param [/home/Jadamso2/Desktop/Packages/PrettyR/PrettyR/R/TableMaker_trim.R#147]: requires name and description
Warning: @param [/home/Jadamso2/Desktop/Packages/PrettyR/PrettyR/R/TableMaker_trim.R#148]: requires name and description
Warning: @ [/home/Jadamso2/Desktop/Packages/PrettyR/PrettyR/R/Ttest.R#15]: unknown tag
Warning: ColorPalette.R:8: @example /home/Jadamso2/Desktop/Packages/PrettyR/PrettyR/spatstat::colourmap(mypal(20), breaks=seq(0,1,by=.05)) doesn't exist
Writing NAMESPACE
Writing mypal.Rd
Writing CI_lu.Rd
Writing polygon_ci.Rd
Writing polygon_add.Rd
Writing polygon_plot.Rd
Writing scatboot.Rd
Writing scatter_gram.Rd
Writing spaghetti_lines.Rd
Writing spaghetti_mean.Rd
Writing spaghetti_plot.Rd
Writing Wstat.Rd
Writing stargazerJ.Rd
Writing matJ.Rd
Writing stargazerJlist.Rd
Writing mfxtrim.Rd
Writing mfxlist2vec.Rd
Writing UROOT.Rd
Writing root.Rd
Writing mfx.Rd
Writing Ttest2.Rd
Writing bin_mode.Rd
Writing mfxi.lm.Rd
Writing loess_list.Rd
> 
> devtools::build(pkg=packg, manual=TRUE)
'/home/Jadamso2/lib64/R/bin/R' --no-site-file --no-environ --no-save  \
  --no-restore --quiet CMD build  \
  '/home/Jadamso2/Desktop/Packages/PrettyR/PrettyR' --no-resave-data 

* checking for file â€˜/home/Jadamso2/Desktop/Packages/PrettyR/PrettyR/DESCRIPTIONâ€™ ... OK
* preparing â€˜PrettyRâ€™:
* checking DESCRIPTION meta-information ... OK
* checking for LF line-endings in source and make files and shell scripts
* checking for empty or unneeded directories
Removed empty directory â€˜PrettyR/dataâ€™
Removed empty directory â€˜PrettyR/inst/extdataâ€™
* building â€˜PrettyR_0.1.3.tar.gzâ€™

[1] "/home/Jadamso2/Desktop/Packages/PrettyR/PrettyR_0.1.3.tar.gz"
> 
> system( paste0('R CMD Rd2pdf ', packg) )
Hmm ... looks like a package
file â€˜PrettyR.pdfâ€™ exists; please remove it first
> #devtools::check_built(manual=TRUE, path=packg)
> 
> #-------------------------------------------------------------------
> ##################
> # Upload and Install 
> ##################
> 
> MiscUtils::pack_up(pdir)
/home/Jadamso2/Desktop/Packages/PrettyR/ is required to already be on github
To https://github.com/Jadamso/PrettyR.git
   a21f737..07feabf  master -> master
[1] "/home/Jadamso2/Desktop/Packages/PrettyR/"
> ## https://www.rstudio.com/wp-content/uploads/2015/03/devtools-cheatsheet.pdf
> 
> devtools::install(packg) ## Locally Works
Installing PrettyR
'/home/Jadamso2/lib64/R/bin/R' --no-site-file --no-environ --no-save  \
  --no-restore --quiet CMD INSTALL  \
  '/home/Jadamso2/Desktop/Packages/PrettyR/PrettyR'  \
  --library='/home/Jadamso2/R-Libs' --install-tests 

* installing *source* package â€˜PrettyRâ€™ ...
** R
** inst
** byte-compile and prepare package for lazy loading
** help
*** installing help indices
** building package indices
** testing if installed package can be loaded
* DONE (PrettyR)
Reloading installed PrettyR

Attaching package: â€˜PrettyRâ€™

The following object is masked from â€˜package:MiscUtilsâ€™:

    mypal

> 
> devtools::install_github( paste0("Jadamso/",pack), subdir=pack)
Downloading GitHub repo Jadamso/PrettyR@master
from URL https://api.github.com/repos/Jadamso/PrettyR/zipball/master
Installing PrettyR
'/home/Jadamso2/lib64/R/bin/R' --no-site-file --no-environ --no-save  \
  --no-restore --quiet CMD INSTALL  \
  '/tmp/RtmpBghph4/devtools2dcb1ae5140e/Jadamso-PrettyR-07feabf/PrettyR'  \
  --library='/home/Jadamso2/R-Libs' --install-tests 

* installing *source* package â€˜PrettyRâ€™ ...
** R
** inst
** byte-compile and prepare package for lazy loading
** help
*** installing help indices
** building package indices
** testing if installed package can be loaded
* DONE (PrettyR)
Reloading installed PrettyR

Attaching package: â€˜PrettyRâ€™

The following object is masked from â€˜package:MiscUtilsâ€™:

    mypal

> 
> citation(pack)

To cite package 'PrettyR' in publications use:

  Jordan Adamson (2018). PrettyR: Functions to make pretty graphs and
  tables.. R package version 0.1.3.

A BibTeX entry for LaTeX users is

  @Manual{PrettyR,
    title = {{PrettyR}: Functions to make pretty graphs and tables.},
    author = {'Jordan Adamson'},
    year = {2018},
    month = {10},
    note = {R package version 0.1.3},
    url = { <https://github.com/Jadamso/PrettyR>},
  }

> 
> print("Done")
[1] "Done"
> 
> ## R CMD BATCH --no-save Code/Make.R Code/Make.Rout
> 
> proc.time()
   user  system elapsed 
  4.655   0.471  12.799 
